// Vitest Snapshot v1, https://vitest.dev/guide/snapshot.html

exports[`<TextNodeEditor /> tests > should match snapshot 1`] = `
<body>
  <div>
    <div>
      <header
        class="flex items-center gap-x-4 border-b px-4 py-2"
      >
        <button
          aria-label="Back to node panel"
          class="inline-flex items-center justify-center whitespace-nowrap text-sm font-medium ring-offset-background transition-colors focus-visible:outline-none focus-visible:ring-2 focus-visible:ring-ring focus-visible:ring-offset-2 disabled:pointer-events-none disabled:opacity-50 text-primary underline-offset-4 hover:underline h-10 rounded-full p-0"
        >
          <svg
            class="tabler-icon tabler-icon-arrow-left "
            fill="none"
            height="24"
            stroke="currentColor"
            stroke-linecap="round"
            stroke-linejoin="round"
            stroke-width="2"
            viewBox="0 0 24 24"
            width="24"
            xmlns="http://www.w3.org/2000/svg"
          >
            <path
              d="M5 12l14 0"
            />
            <path
              d="M5 12l6 6"
            />
            <path
              d="M5 12l6 -6"
            />
          </svg>
        </button>
        <span
          class="font-semibold"
        >
          Message
        </span>
      </header>
      <div
        class="flex flex-col gap-y-2 p-4"
      >
        <label
          class="text-sm font-medium leading-none peer-disabled:cursor-not-allowed peer-disabled:opacity-70"
          for="message"
        >
          Text
        </label>
        <textarea
          class="flex min-h-[80px] w-full rounded-md border border-input bg-background px-3 py-2 text-sm ring-offset-background placeholder:text-muted-foreground focus-visible:outline-none focus-visible:ring-2 focus-visible:ring-ring focus-visible:ring-offset-2 disabled:cursor-not-allowed disabled:opacity-50"
          id="message"
          rows="4"
        >
          message 1
        </textarea>
      </div>
    </div>
  </div>
</body>
`;
